[vapestore.store/card1b8f.html]
[backblue.gif]
[fade.gif]
[index.html]
[vapestore.store/assets/app/main.css]
[vapestore.store/assets/app/card.css]
[vapestore.store/assets/app/encode.js]
[vapestore.store/assets/app/bar.js]
[vapestore.store/assets/app/card.js]
[vapestore.store/assets/app/manifest.js]
[vapestore.store/card1b8f.html]
[vapestore.store/assets/cache.js]
[vapestore.store/assets/app/main.css]
[vapestore.store/assets/app/card.css]
[vapestore.store/assets/app/images/logo.html]
[vapestore.store/assets/app/images/back_blue.html]
[vapestore.store/assets/app/images/help.html]
[vapestore.store/assets/app/images/plate.html]
[vapestore.store/assets/app/images/flag.html]
[vapestore.store/assets/app/images/eagle.html]
[vapestore.store/assets/app/images/valid.html]
[vapestore.store/assets/app/images/confirm.html]
[vapestore.store/assets/app/images/id_data.html]
[vapestore.store/assets/app/images/lock.html]
[vapestore.store/assets/app/images/more.html]
[vapestore.store/assets/app/images/arrow_white.html]
[vapestore.store/assets/app/images/home.html]
[vapestore.store/assets/app/images/home_open.html]
[vapestore.store/assets/app/images/documents.html]
[vapestore.store/assets/app/images/documents_open.html]
[vapestore.store/assets/app/images/services.html]
[vapestore.store/assets/app/images/services_open.html]
[vapestore.store/assets/app/images/identity.html]
[vapestore.store/assets/app/images/identity_open.html]
[vapestore.store/assets/app/images/other.html]
[vapestore.store/assets/app/images/other_open.html]
